17:06:15.462 [main] INFO ktor.application -- Autoreload is disabled because the development mode is off.
17:06:15.937 [main] INFO ktor.application -- Application started in 0.53 seconds.
17:06:15.943 [main] DEBUG io.netty.util.internal.logging.InternalLoggerFactory -- Using SLF4J as the default logging framework
17:06:15.963 [main] DEBUG io.netty.util.internal.PlatformDependent0 -- -Dio.netty.noUnsafe: false
17:06:15.963 [main] DEBUG io.netty.util.internal.PlatformDependent0 -- Java version: 21
17:06:15.965 [main] DEBUG io.netty.util.internal.PlatformDependent0 -- sun.misc.Unsafe.theUnsafe: available
17:06:15.965 [main] DEBUG io.netty.util.internal.PlatformDependent0 -- sun.misc.Unsafe.copyMemory: available
17:06:15.966 [main] DEBUG io.netty.util.internal.PlatformDependent0 -- sun.misc.Unsafe.storeFence: available
17:06:15.966 [main] DEBUG io.netty.util.internal.PlatformDependent0 -- java.nio.Buffer.address: available
17:06:15.967 [main] DEBUG io.netty.util.internal.PlatformDependent0 -- direct buffer constructor: unavailable: Reflective setAccessible(true) disabled
17:06:15.967 [main] DEBUG io.netty.util.internal.PlatformDependent0 -- java.nio.Bits.unaligned: available, true
17:06:15.968 [main] DEBUG io.netty.util.internal.PlatformDependent0 -- jdk.internal.misc.Unsafe.allocateUninitializedArray(int): unavailable: class io.netty.util.internal.PlatformDependent0$7 cannot access class jdk.internal.misc.Unsafe (in module java.base) because module java.base does not export jdk.internal.misc to unnamed module @3b2da18f
17:06:15.969 [main] DEBUG io.netty.util.internal.PlatformDependent0 -- java.nio.DirectByteBuffer.<init>(long, {int,long}): unavailable
17:06:15.969 [main] DEBUG io.netty.util.internal.PlatformDependent -- sun.misc.Unsafe: available
17:06:15.981 [main] DEBUG io.netty.util.internal.PlatformDependent -- maxDirectMemory: 2086666240 bytes (maybe)
17:06:15.982 [main] DEBUG io.netty.util.internal.PlatformDependent -- -Dio.netty.tmpdir: /tmp (java.io.tmpdir)
17:06:15.982 [main] DEBUG io.netty.util.internal.PlatformDependent -- -Dio.netty.bitMode: 64 (sun.arch.data.model)
17:06:15.983 [main] DEBUG io.netty.util.internal.PlatformDependent -- -Dio.netty.maxDirectMemory: -1 bytes
17:06:15.983 [main] DEBUG io.netty.util.internal.PlatformDependent -- -Dio.netty.uninitializedArrayAllocationThreshold: -1
17:06:15.986 [main] DEBUG io.netty.util.internal.CleanerJava9 -- java.nio.ByteBuffer.cleaner(): available
17:06:15.986 [main] DEBUG io.netty.util.internal.PlatformDependent -- -Dio.netty.noPreferDirect: false
17:06:15.993 [main] DEBUG io.netty.util.internal.NativeLibraryLoader -- -Dio.netty.native.workdir: /tmp (io.netty.tmpdir)
17:06:15.993 [main] DEBUG io.netty.util.internal.NativeLibraryLoader -- -Dio.netty.native.deleteLibAfterLoading: true
17:06:15.993 [main] DEBUG io.netty.util.internal.NativeLibraryLoader -- -Dio.netty.native.tryPatchShadedId: true
17:06:15.994 [main] DEBUG io.netty.util.internal.NativeLibraryLoader -- -Dio.netty.native.detectNativeLibraryDuplicates: true
17:06:16.006 [main] DEBUG io.netty.channel.MultithreadEventLoopGroup -- -Dio.netty.eventLoopThreads: 8
17:06:16.012 [main] DEBUG io.netty.util.concurrent.GlobalEventExecutor -- -Dio.netty.globalEventExecutor.quietPeriodSeconds: 1
17:06:16.017 [main] DEBUG io.netty.util.internal.InternalThreadLocalMap -- -Dio.netty.threadLocalMap.stringBuilder.initialSize: 1024
17:06:16.017 [main] DEBUG io.netty.util.internal.InternalThreadLocalMap -- -Dio.netty.threadLocalMap.stringBuilder.maxSize: 4096
17:06:16.021 [main] DEBUG io.netty.channel.nio.NioEventLoop -- -Dio.netty.noKeySetOptimization: false
17:06:16.021 [main] DEBUG io.netty.channel.nio.NioEventLoop -- -Dio.netty.selectorAutoRebuildThreshold: 512
17:06:16.027 [main] DEBUG io.netty.util.internal.PlatformDependent -- org.jctools-core.MpscChunkedArrayQueue: available
17:06:16.052 [main] DEBUG io.netty.channel.DefaultChannelId -- -Dio.netty.processId: 8321 (auto-detected)
17:06:16.055 [main] DEBUG io.netty.util.NetUtil -- -Djava.net.preferIPv4Stack: false
17:06:16.055 [main] DEBUG io.netty.util.NetUtil -- -Djava.net.preferIPv6Addresses: false
17:06:16.056 [main] DEBUG io.netty.util.NetUtilInitializations -- Loopback interface: lo (lo, 127.0.0.1)
17:06:16.057 [main] DEBUG io.netty.util.NetUtil -- /proc/sys/net/core/somaxconn: 4096
17:06:16.058 [main] DEBUG io.netty.channel.DefaultChannelId -- -Dio.netty.machineId: 16:80:6f:ff:fe:48:f6:db (auto-detected)
17:06:16.066 [main] DEBUG io.netty.util.ResourceLeakDetector -- -Dio.netty.leakDetection.level: simple
17:06:16.066 [main] DEBUG io.netty.util.ResourceLeakDetector -- -Dio.netty.leakDetection.targetRecords: 4
17:06:16.085 [main] DEBUG io.netty.buffer.PooledByteBufAllocator -- -Dio.netty.allocator.numHeapArenas: 8
17:06:16.085 [main] DEBUG io.netty.buffer.PooledByteBufAllocator -- -Dio.netty.allocator.numDirectArenas: 8
17:06:16.085 [main] DEBUG io.netty.buffer.PooledByteBufAllocator -- -Dio.netty.allocator.pageSize: 8192
17:06:16.085 [main] DEBUG io.netty.buffer.PooledByteBufAllocator -- -Dio.netty.allocator.maxOrder: 9
17:06:16.085 [main] DEBUG io.netty.buffer.PooledByteBufAllocator -- -Dio.netty.allocator.chunkSize: 4194304
17:06:16.085 [main] DEBUG io.netty.buffer.PooledByteBufAllocator -- -Dio.netty.allocator.smallCacheSize: 256
17:06:16.086 [main] DEBUG io.netty.buffer.PooledByteBufAllocator -- -Dio.netty.allocator.normalCacheSize: 64
17:06:16.086 [main] DEBUG io.netty.buffer.PooledByteBufAllocator -- -Dio.netty.allocator.maxCachedBufferCapacity: 32768
17:06:16.086 [main] DEBUG io.netty.buffer.PooledByteBufAllocator -- -Dio.netty.allocator.cacheTrimInterval: 8192
17:06:16.086 [main] DEBUG io.netty.buffer.PooledByteBufAllocator -- -Dio.netty.allocator.cacheTrimIntervalMillis: 0
17:06:16.086 [main] DEBUG io.netty.buffer.PooledByteBufAllocator -- -Dio.netty.allocator.useCacheForAllThreads: false
17:06:16.086 [main] DEBUG io.netty.buffer.PooledByteBufAllocator -- -Dio.netty.allocator.maxCachedByteBuffersPerChunk: 1023
17:06:16.095 [main] DEBUG io.netty.buffer.ByteBufUtil -- -Dio.netty.allocator.type: pooled
17:06:16.095 [main] DEBUG io.netty.buffer.ByteBufUtil -- -Dio.netty.threadLocalDirectBufferSize: 0
17:06:16.095 [main] DEBUG io.netty.buffer.ByteBufUtil -- -Dio.netty.maxThreadLocalCharBufferSize: 16384
17:06:16.110 [DefaultDispatcher-worker-1] INFO ktor.application -- Responding at http://0.0.0.0:8080
